******************************************************************************
        TMS320C2000 COFF Linker PC v4.1.3                      
******************************************************************************
>> Linked Tue Sep 20 14:13:27 2016

OUTPUT FILE NAME:   <./Debug/BearingWear.out>
ENTRY POINT SYMBOL: "_c_int00"  address: 003f7f00


MEMORY CONFIGURATION

                  name            origin    length      used    attr    fill
         ----------------------  --------  ---------  --------  ----  --------
PAGE  0: RESET                   00000000   00000002  00000000  R   
         FLASHMEM                003d8000   0001ff00  00012ac4  RWIX
         BOOT                    003f7f00   00000070  00000044  R   
         BOOTJUMP                003f7ff6   00000002  00000002  R   

PAGE  1: M0RAM                   00000040   000003c0  0000029e  RW  
         M1RAM                   00000400   00000400  000001c2  RW  
         L0L1RAM                 00008000   00002000  00001fc2  RW  
         H0RAM                   003f8000   00002000  00001ee4  RW  

PAGE  2: SPIREG                  00007040   00000010  00000010  RW  
         SCIAREG                 00007050   0000000f  0000000e  RW  
         GPADATAPORT             000070e0   00000001  00000001  RW  
         GPBDATAPORT             000070e4   00000001  00000001  RW  
         GPDDATAPORT             000070ec   00000001  00000001  RW  
         GPEDATAPORT             000070f0   00000001  00000001  RW  
         GPFDATAPORT             000070f4   00000001  00000001  RW  
         GPGDATAPORT             000070f8   00000001  00000001  RW  
         ADCREG                  00007100   0000001a  0000001a  RW  
         SCIBREG                 00007750   0000000f  0000000e  RW  


SECTION ALLOCATION MAP

 output                                  attributes/
section   page    origin      length       input sections
--------  ----  ----------  ----------   ----------------
.reset     0    00000000    00000002     DSECT
                  00000000    00000002     rts2800_ml.lib : boot.obj (.reset)

.pinit     0    003d8000    00000000     UNINITIALIZED

.const     0    003d8000    00000000     UNINITIALIZED

.text      0    003d8000    0000f58c     
                  003d8000    000014ae     adc.obj (.text)
                  003d94ae    000005c8     alarms.obj (.text)
                  003d9a76    00001823     common.obj (.text)
                  003db299    000003a3     core.obj (.text)
                  003db63c    00000394     digout.obj (.text)
                  003db9d0    00000016     DSP281x_CodeStartBranch.obj (.text)
                  003db9e6    000011ff     fat.obj (.text)
                  003dcbe5    000003dd     fat_m.obj (.text)
                  003dcfc2    00000065     logging.obj (.text)
                  003dd027    00001c60     man.obj (.text)
                  003dec87    00000dcb     mancal.obj (.text)
                  003dfa52    000006fb     mmc_mcf.obj (.text)
                  003e014d    0000018c     params.obj (.text)
                  003e02d9    000008c2     pccli.obj (.text)
                  003e0b9b    00000edc     PCModBus.obj (.text)
                  003e1a77    0000009a     port.obj (.text)
                  003e1b11    000005a1     reprog.obj (.text)
                  003e20b2    0000045f     sci.obj (.text)
                  003e2511    000013df     sdcard.obj (.text)
                  003e38f0    00000358     setup.obj (.text)
                  003e3c48    000004f3     slave485.obj (.text)
                  003e413b    000005d5     spi.obj (.text)
                  003e4710    0000070c     utils.obj (.text)
                  003e4e1c    0000003b     version.obj (.text)
                  003e4e57    00000371     wio.obj (.text)
                  003e51c8    00000139     wioprim.obj (.text)
                  003e5301    0000004a     rts2800_ml.lib : exit.obj (.text)
                  003e534b    0000009e                    : exp.obj (.text)
                  003e53e9    00000078                    : fs_add.obj (.text)
                  003e5461    00000017                    : fs_cmp.obj (.text)
                  003e5478    00000083                    : fs_div.obj (.text)
                  003e54fb    0000005a                    : fs_mpy.obj (.text)
                  003e5555    00000005                    : fs_neg.obj (.text)
                  003e555a    00000025                    : fs_toi.obj (.text)
                  003e557f    0000001d                    : fs_tou.obj (.text)
                  003e559c    00000021                    : fs_toul.obj (.text)
                  003e55bd    00000022                    : i_div.obj (.text)
                  003e55df    0000001a                    : i_tofs.obj (.text)
                  003e55f9    0000002a                    : l_div.obj (.text)
                  003e5623    0000001a                    : l_tofs.obj (.text)
                  003e563d    00000030                    : ldexp.obj (.text)
                  003e566d    00000041                    : memcpy.obj (.text)
                  003e56ae    0000000f                    : memset.obj (.text)
                  003e56bd    00000033                    : sprintf.obj (.text)
                  003e56f0    00000051                    : sqrt.obj (.text)
                  003e5741    0000005e                    : sscanf.obj (.text)
                  003e579f    00000015                    : strcat.obj (.text)
                  003e57b4    00000010                    : strcmp.obj (.text)
                  003e57c4    0000000f                    : strcpy.obj (.text)
                  003e57d3    00000017                    : strcspn.obj (.text)
                  003e57ea    0000000d                    : strlen.obj (.text)
                  003e57f7    0000001b                    : strncmp.obj (.text)
                  003e5812    00000028                    : strncpy.obj (.text)
                  003e583a    0000000b                    : u_div.obj (.text)
                  003e5845    00000010                    : u_tofs.obj (.text)
                  003e5855    00000013                    : ul_tofs.obj (.text)
                  003e5868    00000009                    : _lock.obj (.text)
                  003e5871    0000078b                    : _printfi.obj (.text)
                  003e5ffc    000005a3                    : _scanfi.obj (.text)
                  003e659f    00000014                    : args_main.obj (.text)
                  003e65b3    0000004a                    : atoi.obj (.text)
                  003e65fd    000000ec                    : ecvt.obj (.text)
                  003e66e9    000000eb                    : fcvt.obj (.text)
                  003e67d4    0000002a                    : fd_cmp.obj (.text)
                  003e67fe    0000008b                    : fd_div.obj (.text)
                  003e6889    00000083                    : fd_mpy.obj (.text)
                  003e690c    00000009                    : fd_neg.obj (.text)
                  003e6915    0000000e                    : fd_sub.obj (.text)
                  003e6923    00000021                    : fd_toi.obj (.text)
                  003e6944    0000001f                    : fd_tol.obj (.text)
                  003e6963    0000001c                    : fs_tofd.obj (.text)
                  003e697f    0000001c                    : l_tofd.obj (.text)
                  003e699b    0000001e                    : ll_cmp.obj (.text)
                  003e69b9    00000107                    : ll_div.obj (.text)
                  003e6ac0    00000014                    : ll_mpy.obj (.text)
                  003e6ad4    0000002c                    : ltoa.obj (.text)
                  003e6b00    00000012                    : memccpy.obj (.text)
                  003e6b12    000001f4                    : memory.obj (.text)
                  003e6d06    00000010                    : strrchr.obj (.text)
                  003e6d16    00000199                    : strtod.obj (.text)
                  003e6eaf    000000eb                    : strtol.obj (.text)
                  003e6f9a    000001bc                    : strtold.obj (.text)
                  003e7156    0000015d                    : strtoll.obj (.text)
                  003e72b3    000000e7                    : strtoul.obj (.text)
                  003e739a    00000156                    : strtoull.obj (.text)
                  003e74f0    0000009c                    : fd_add.obj (.text)

.econst    0    003e758c    000033da     
                  003e758c    00000d57     pccli.obj (.econst)
                  003e82e3    00000001     man.obj (.econst)
                  003e82e4    00000ccc     sdcard.obj (.econst)
                  003e8fb0    00000921     reprog.obj (.econst)
                  003e98d1    00000001     --HOLE-- [fill = 0]
                  003e98d2    0000075d     params.obj (.econst)
                  003ea02f    00000001     --HOLE-- [fill = 0]
                  003ea030    0000017d     utils.obj (.econst)
                  003ea1ad    00000001     --HOLE-- [fill = 0]
                  003ea1ae    000000d2     setup.obj (.econst)
                  003ea280    00000087     alarms.obj (.econst)
                  003ea307    00000001     --HOLE-- [fill = 0]
                  003ea308    00000067     spi.obj (.econst)
                  003ea36f    00000001     --HOLE-- [fill = 0]
                  003ea370    00000061     common.obj (.econst)
                  003ea3d1    00000001     --HOLE-- [fill = 0]
                  003ea3d2    0000005d     adc.obj (.econst)
                  003ea42f    00000001     --HOLE-- [fill = 0]
                  003ea430    00000055     core.obj (.econst)
                  003ea485    00000001     --HOLE-- [fill = 0]
                  003ea486    00000052     mancal.obj (.econst)
                  003ea4d8    00000042     wio.obj (.econst)
                  003ea51a    00000040     rts2800_ml.lib : strtold.obj (.econst)
                  003ea55a    0000003f                    : _printfi.obj (.econst)
                  003ea599    00000001     --HOLE-- [fill = 0]
                  003ea59a    00000020                    : strtod.obj (.econst)
                  003ea5ba    0000001f     sci.obj (.econst)
                  003ea5d9    00000001     --HOLE-- [fill = 0]
                  003ea5da    0000001b     fat.obj (.econst)
                  003ea5f5    00000001     --HOLE-- [fill = 0]
                  003ea5f6    00000019     PCModBus.obj (.econst)
                  003ea60f    00000001     --HOLE-- [fill = 0]
                  003ea610    00000010     rts2800_ml.lib : ecvt.obj (.econst)
                  003ea620    00000010                    : fcvt.obj (.econst)
                  003ea630    00000200     crctable.obj (.econst)
                  003ea830    00000101     rts2800_ml.lib : ctype.obj (.econst)
                  003ea931    00000035     version.obj (.econst)

.cinit     0    003ea966    00000124     
                  003ea966    00000009     common.obj (.cinit)
                  003ea96f    0000000e     core.obj (.cinit)
                  003ea97d    00000035     man.obj (.cinit)
                  003ea9b2    00000008     mancal.obj (.cinit)
                  003ea9ba    0000001d     mmc_mcf.obj (.cinit)
                  003ea9d7    00000004     params.obj (.cinit)
                  003ea9db    00000034     pccli.obj (.cinit)
                  003eaa0f    00000005     port.obj (.cinit)
                  003eaa14    00000055     sdcard.obj (.cinit)
                  003eaa69    0000000e     rts2800_ml.lib : exit.obj (.cinit)
                  003eaa77    0000000a                    : _lock.obj (.cinit)
                  003eaa81    00000004                    : errno.obj (.cinit)
                  003eaa85    00000004                    : memory.obj (.cinit)
                  003eaa89    00000001     --HOLE-- [fill = 0]

.switch    0    003eaa8a    0000003a     
                  003eaa8a    00000020     mmc_mcf.obj (.switch)
                  003eaaaa    0000001a     adc.obj (.switch)

.boot      0    003f7f00    00000044     
                  003f7f00    00000044     rts2800_ml.lib : boot.obj (.text)

codestart 
*          0    003f7ff6    00000002     
                  003f7ff6    00000002     DSP281x_CodeStartBranch.obj (codestart)

.data      1    00000000    00000000     UNINITIALIZED

.commssection1 
*          1    00000040    0000029e     UNINITIALIZED
                  00000040    0000010a     sci.obj (.commssection1)
                  0000014a    00000110     PCModBus.obj (.commssection1)
                  0000025a    00000084     pccli.obj (.commssection1)

.bss       1    00000400    00000000     UNINITIALIZED

.adcsection1 
*          1    00000400    00000000     UNINITIALIZED

.stack     1    00000400    000001c2     UNINITIALIZED

.esysmem   1    00008000    00000000     UNINITIALIZED

.ebss      1    00008000    00001fc2     UNINITIALIZED
                  00008000    00000664     man.obj (.ebss)
                  00008664    00000019     wio.obj (.ebss)
                  0000867d    00000001     params.obj (.ebss)
                  0000867e    00000002     port.obj (.ebss)
                  00008680    0000037a     mancal.obj (.ebss)
                  000089fa    00000006     core.obj (.ebss)
                  00008a00    000002c0     mmc_mcf.obj (.ebss)
                  00008cc0    00000292     sdcard.obj (.ebss)
                  00008f52    0000001e     common.obj (.ebss)
                  00008f70    00000010     reprog.obj (.ebss)
                  00008f80    0000024a     PCModBus.obj (.ebss)
                  000091ca    0000001e     sci.obj (.ebss)
                  000091e8    00000018     pccli.obj (.ebss)
                  00009200    00000200     globals.obj (.ebss)
                  00009400    000001eb     adc.obj (.ebss)
                  000095eb    00000001     rts2800_ml.lib : errno.obj (.ebss)
                  000095ec    0000000a     spi.obj (.ebss)
                  000095f6    00000008     rts2800_ml.lib : memory.obj (.ebss)
                  00009600    00000080                    : exit.obj (.ebss)
                  00009680    00000004                    : _lock.obj (.ebss)
                  00009684    00000014     utils.obj (.ebss)
                  00009698    0000000e     wioprim.obj (.ebss)
                  000096a6    00000003     version.obj (.ebss)
                  000096c0    00000200     fat.obj (.ebss)
                  000098c0    00000190     rts2800_ml.lib : fcvt.obj (.ebss)
                  00009a80    00000190                    : _printfi.obj (.ebss)
                  00009c40    000000ec     alarms.obj (.ebss)
                  00009d40    000000c8     slave485.obj (.ebss)
                  00009e40    00000084     logging.obj (.ebss)
                  00009f00    00000064     rts2800_ml.lib : ecvt.obj (.ebss)
                  00009f80    00000042     digout.obj (.ebss)

.mancomp   1    003f8000    00001068     UNINITIALIZED
                  003f8000    00001068     man.obj (.mancomp)

.filesystem 
*          1    003f9068    00000c4a     UNINITIALIZED
                  003f9068    00000a4a     common.obj (.filesystem)
                  003f9ab2    00000200     sdcard.obj (.filesystem)

.sysmem    1    003f9cb2    00000190     UNINITIALIZED

.commssection2 
*          1    003f9e42    000000a2     UNINITIALIZED
                  003f9e42    000000a2     sci.obj (.commssection2)

.spiregisters 
*          2    00007040    00000010     UNINITIALIZED
                  00007040    00000010     spi.obj (.spiregisters)

.sciportAregisters 
*          2    00007050    0000000e     UNINITIALIZED
                  00007050    0000000e     sci.obj (.sciportAregisters)

.gparegisters 
*          2    000070e0    00000001     UNINITIALIZED
                  000070e0    00000001     core.obj (.gparegisters)

.gpbregisters 
*          2    000070e4    00000001     UNINITIALIZED
                  000070e4    00000001     core.obj (.gpbregisters)

.gpdregisters 
*          2    000070ec    00000001     UNINITIALIZED
                  000070ec    00000001     core.obj (.gpdregisters)

.gperegisters 
*          2    000070f0    00000001     UNINITIALIZED
                  000070f0    00000001     core.obj (.gperegisters)

.gpfregisters 
*          2    000070f4    00000001     UNINITIALIZED
                  000070f4    00000001     core.obj (.gpfregisters)

.gpgregisters 
*          2    000070f8    00000001     UNINITIALIZED
                  000070f8    00000001     core.obj (.gpgregisters)

.adcregisters 
*          2    00007100    0000001a     UNINITIALIZED
                  00007100    0000001a     adc.obj (.adcregisters)

.sciportBregisters 
*          2    00007750    0000000e     UNINITIALIZED
                  00007750    0000000e     sci.obj (.sciportBregisters)


GLOBAL SYMBOLS: SORTED ALPHABETICALLY BY Name 

address    name
--------   ----
00000400   .bss
00000000   .data
003d8000   .text
003e5327   C$$EXIT
003e74f0   FD$$ADD
003e67d4   FD$$CMP
003e67fe   FD$$DIV
003e6889   FD$$MPY
003e690c   FD$$NEG
003e6915   FD$$SUB
003e6923   FD$$TOI
003e6944   FD$$TOL
003e53ee   FS$$ADD
003e5461   FS$$CMP
003e5478   FS$$DIV
003e54fb   FS$$MPY
003e5555   FS$$NEG
003e53e9   FS$$SUB
003e6963   FS$$TOFD
003e555a   FS$$TOI
003e557f   FS$$TOU
003e559c   FS$$TOUL
003e55bd   I$$DIV
003e55ce   I$$MOD
003e55df   I$$TOFS
003e55f9   L$$DIV
003e5608   L$$MOD
003e697f   L$$TOFD
003e5623   L$$TOFS
003e699b   LL$$CMP
003e69b9   LL$$DIV
003e69f5   LL$$MOD
003e6ac0   LL$$MPY
003e583a   U$$DIV
003e583f   U$$MOD
003e5845   U$$TOFS
003e5616   UL$$DIV
003e561d   UL$$MOD
003e5855   UL$$TOFS
003e69ad   ULL$$CMP
003e6a2f   ULL$$DIV
003e6a5e   ULL$$MOD
003d8c75   _ADCChanPtr
003e08e3   _AT25DF041CheckFunc
003def6d   _AccumulateRoughCal
003d97a1   _AlarmEventIDInc
003db7a9   _AlarmLevelOP
003db6c7   _AliveStatus
003e3abe   _AllSensorInit
003d8b75   _AnalogOOR
003d904a   _AnalogSLEM
003d8719   _AnalogueInputScaleAllChannels
003dd930   _ApplyImmOffset
003deaac   _ApplyOffset
003e0b64   _AsciitoBCD
003e0ac1   _AsciitoInt
003e0abb   _AsciitoSingleChar
003e49ce   _BCDTimetoAscii
003e0b77   _BCDTimetoAsciiOutonCLI
003e4cf2   _BCDtoInt
003d98ab   _BearingStatus
003e4ceb   _BitClear
003d989a   _BitEventCompiled
003e4ce6   _BitSet
003e8fb0   _BootloaderArray
003e3705   _BuildFileName
003e37cb   _BuildTimeStamp
003e4a84   _BytetoIntArray
003e02ea   _CLIBanner
003e2328   _CLITransmitBuffer
003e0279   _CPPUpdate
003ea630   _CRCHiTbl
003ea730   _CRCLoTbl
00008ac0   _CRCtbl
003e0795   _Cal18mAFunc
003dec87   _CalAbort
003e4ad8   _CalLEDSetup
003e07c7   _CalLoop18mAFunc
003df0af   _CalProgression
000089f6   _CalRpm
003ddf27   _CalcAlarmLevel1
003ddf4f   _CalcAlarmLevel2
003ddfaf   _CalcAlarmLevel3
003ddfcf   _CalcAlarmLevel4
003e0bbb   _CalcCRC
003e52f5   _CalcSingleByteChecksum
003e49c5   _CalcUIntChecksum
003d8c46   _Calibrate18mA
003d9267   _CalibrateLoop18mA
003d8d05   _CalibratePRT
003e4cfa   _CalibrationtdUpdate
003e3814   _CalibrationtdtoSDCardFile
003e2c12   _CharStringtoIntString
003d9a66   _CheckAlarmBitSet
003e4ce2   _CheckBitSet
003d9a4d   _CheckDMSingleBitSet
003e1f3e   _CheckEraseProgError
003e1ea6   _CheckEraseProgress
003e4383   _CheckFlash
003d8ac3   _CheckForwardAstern
003df54e   _CheckRoughCalPoints
003d9121   _CheckSLEMRange
003e1f28   _CheckSPIBusy
003e4ecf   _CheckWIORange
003d97d5   _ClearAlarmEvent
003dcfea   _ClearAlarmListandEventLog
003d9860   _ClearBitEvent
003e4dff   _ClearBitEventList
003df7e3   _ClearCalAveragingAlarm
003df7f1   _ClearCalibrationAlarms
003de194   _ClearCylDamageMonSlowDown
003d8a44   _ClearEngineDirCal
003d9721   _ClearEventCodeListArea
003dd027   _ClearMANTable
003de241   _ClearMBNeighbourDamageMonSlowDown
003dcfd4   _ClearMSGQueue
003e3388   _ClearManCompSequence
003dd051   _ClearSelectiveMANTable
003de0c9   _ClearSensorDamageMonSlowDown
003d94d7   _ClearStatusFlagsforSlave
003e47cb   _ClockProcessing
000091e9   _CommandLen
000091e8   _CommandNum
000091ea   _CommandOffset
003e758c   _Commands
003e033e   _CommsCheckFunc
003e0c69   _CompareCRC
003e4986   _ConfigCheckVal
003e0282   _ConfigurationUpdate
003e0b43   _ConvertDate
003e0b2c   _ConvertTime
003e2062   _CopyProgramtoRam
003e3642   _CreateFile
003e2868   _CreateLongTermFilesandHeaders
003e38d7   _CreateNewCalibtdFile
003e2e5c   _CreateNewEventFile
003e2d30   _CreateNewEventMsgFile
003e3561   _CreateNewLongTermFile
003e35cd   _CreateNewMANFile
003e35b5   _CreateNewOffsetsFile
003e35a9   _CreateNewSettingsFile
003e347f   _CreateNewShortTermFile
003e35c1   _CreateNewStatusFile
003e2854   _CreateShortTermFilesandHeaders
003de113   _CylDamageMonSlowDown
003dd7e7   _CylNeighbourRegSet
003de998   _CylinderAverage
003de77f   _CylinderDevAlarm
003dea01   _CylinderDeviation
003dd886   _CylinderSum
003d8533   _DCMode
003d948b   _DCModeAuto
003d85f3   _DCModeCalcs
003d93ea   _DCModeChecks
003d85e3   _DCModeClear
000095b9   _DCModeCylinderComparison
000095bc   _DCModeInRangeIdeal
000095ba   _DCModeInRangeOK
003d85a1   _DCModeInit
003d8675   _DCModePeakHold
000095b7   _DCModePeakReset
003d8614   _DCModeStoreVal
003e01d4   _DamageMonENBChange
003e027f   _DamageMonStructUpdate
003e4c1c   _DateHoursUpdate
003e0873   _DateSetFunc
003e4bcd   _DateTimetoInt
003e375e   _DaysThisYear
003e4c61   _DebugAnaUpdate
003e05c4   _DebugSerialFunc
003e233b   _DebugStringOut
003e4581   _DeselectSPI
003e4617   _DeselectUart_C
003e46b1   _DeselectUart_D
003e06b4   _DisplayCalValuesFunc
003e02d9   _DummyFunc
003e4e50   _DummyFunction
003ddc70   _DynamicAlarmLevel
003e0591   _EnableCheckRoughCalFunc
003e050e   _EnableCompensationFunc
003e053a   _EnableNoisRemovalFunc
003dd64d   _EnableNoiseFilter
003e04e2   _EnableOffsetFunc
003e0565   _EnableSensorDeviationFunc
003dd4e3   _EngineRunTimeUpdate
003e1e68   _EraseSPIFlash
003e48f8   _FRAMInit
003e03ce   _FactorySetFunc
003e2b82   _FileToClusterSize
003e0809   _FilterValFunc
003e26fc   _FindFirstLogFile
003ddf94   _FindMaxRPMAlarm
003df4f0   _FineCalModeInit
003df68d   _FineCurveCal
003df813   _FineCurveCalInterpolation
003e4e2b   _FirmwareComparison
003df211   _FirstStageCalCurve
003e3aa3   _FlashSetup
003e49a4   _FloattoIntRound
003e445b   _Fram1ChipCheck
003e4486   _Fram1MagicNumberRead
003e449e   _Fram1MagicNumberWrite
003d9523   _FramFailure
003e08a7   _FramReTestFunc
003e4799   _FunctionEnabledSetup
003e2f49   _GeneralSettingstoSDCardFile
003d94e7   _GetAlarmFlags
003dd138   _GetCheckedRPM
003dd333   _GetCylinderAverageValue
003dd38a   _GetCylinderDeviationValue
003dd2d5   _GetEndResultValue
003e260f   _GetFileNumWords
003e25bc   _GetFirstFileNameString
003dedb9   _GetIntervalTimeLeft
003ded9f   _GetLearningTimeLeft
003dd159   _GetModalRPM
003e25ec   _GetNextFileNameString
003d9502   _GetNoPulseFlag
003ded5b   _GetPercentageLeft
003dd2c1   _GetPostCompValue
003dd2ca   _GetPostFilteredValue
003dd27a   _GetPreCompValue
003dd129   _GetRPM
003dd429   _GetRPMCompVal
003d934a   _GetRealtimePreCompValue
003d9339   _GetRealtimeuAScaledValue
003dd271   _GetScaledValue
003dd11e   _GetSensorAlarmMask
003dd304   _GetSensorDeviationValue
003dd0e6   _GetSensorEnabled
003e4e20   _GetSlaveVersion
003dd40d   _GetStatus2Flags
003d8e90   _GetVoltageStatus
003d889e   _GetuASCaledValue
003e0b9b   _HandleChar
003e0967   _HandleCharExt
003e0a0e   _HandleCmd
003e0315   _HelpFunc
003e20b2   _Init485Drivers
003d8000   _InitADC
003dee40   _InitCal
003dd434   _InitMAN
003d8a76   _InitMotionCal
003db63c   _InitOP
003db9ba   _InitOffboardGPIO
003e413b   _InitSPI
003e03eb   _InitSafeFunc
003d850c   _InitScalingFactor
003dd097   _InitSensors
003dd0c2   _InitStatus1Flags
003d94ae   _InitSystemAlarms
003e4ba9   _InputNumtoString
003e0492   _InputResultsFunc
003e3967   _Int13Isr
003e397f   _Int14Isr
003e394c   _Int1Isr
003e38f5   _Int1Xint1Isr
003e3920   _Int1Xint2Isr
003e3995   _Int9SciRxIntA
003e39cd   _Int9SciRxIntB
003e39b1   _Int9SciTxIntA
003e39e9   _Int9SciTxIntB
003d815e   _IntADCIsr
003e3aad   _InternalRamSetup
003df4c0   _Interpolate
003e4aaf   _InttoByteArray
003d9243   _LoadCPPDefaults
003d9394   _LoadDCModeChecksDefaults
003de287   _LoadDamagemonDefaults
003e491a   _LoadFRAMfromSD
003e4da0   _LoadFRAMpowerup
003d91f5   _LoadSLEMDefaults
003e2385   _LoadSendBufferB
003e2494   _LoadSendBufferC
003d9260   _LoadSensorDefaults
003e1c2c   _LongLowerReg
003e1c17   _LongUpperReg
003e4710   _LoopCheck
003dd567   _MANAlarmChecks
003df7ce   _MANCalAlarm
003def4a   _MANCalibrationStages
003dd415   _MANCompTable
003e338e   _MANCompTabletoSDCardFile
003de2e5   _MANModules
003dd95a   _MANRefCalcs
003de1c0   _MBNeighbourDamageMonSlowDown
003dd833   _MBNeighbourRegSet
003dd8d5   _MBNeighbourSum
003dcfda   _MSGQueueNumfromPC
00008f52   _MagicNumber
003e3ebf   _MasterModeReceive
003e4ae9   _MasterModeSwitch
003e2045   _MasterSlaveCodeCopy
003e0640   _MasterSlaveFunc
003e2343   _MastertoSlaveSendBuffer
003e4c2b   _MinsSecsUpdate
00008a02   _MmcDrv
003e0bde   _ModbusParseCmd
003e4b3e   _MonthtoStr
003e4b34   _NOPDelay
003de91a   _NoiseFilterApplied
003dd503   _NominalSpeedUpdate
003e072b   _OffsetFunc
003e32af   _OffsetstoSDCardFile
003e0cf6   _PCModBus
003e014d   _PCModifyParameter
003d8e05   _PRTConversion
003e09d3   _ParseCmd
003e0c7d   _ParseHeader
003e3cf0   _ParseSlaveCmd
000080f8   _PauseAlarm
003e0a37   _PcCLI
003d86f1   _PeakConversion
003d93c9   _PeakResetBitClear
003d93af   _PeakResetBitStatus
003db473   _PerformIsr1
003db61e   _PerformIsr13
003db62d   _PerformIsr14
003e21db   _PerformSciRxIntA
003e2235   _PerformSciRxIntB
003e24da   _PerformSciRxIntC
003e2269   _PerformSciRxIntD
003e21b9   _PerformSciTxIntA
003e2213   _PerformSciTxIntB
003dedd2   _PowerOutCalRecovery
003decaa   _PowerUpCalInit
003e25b1   _PowerUpReadSD
003deb20   _PreWarnLevelReset
003deb3d   _PreWarningCalc
003deb0d   _PreWarningInit
003deac4   _PreWarningPowerUpInit
003dead2   _PrewarnReset
003dec55   _PrewarningAlarmReset
003d8fd0   _ProcessAnalogCpp
003db6b8   _ProcessDigitalOP
003e193f   _ProcessEngineRunT
003e1977   _ProcessFileTransferral
003e18f5   _ProcessRegister
003e1b3b   _ProcessReprogrammingTransferral
003e36ed   _ProcessSDCard
003e405f   _ProcessSlaveChanResponse
003e1f55   _ProcessorReProgramInit
003e1cb5   _ProgramCheckFunc
003e1d02   _ProgramSPIFlashBlock
003d879a   _ProximityScaling
003d88a6   _PulseCounterCheck
003d88f3   _PulseRPMCalc
003e4c3a   _RPMCalc
003e0692   _RPMFunc
003d8f75   _RTCBattery
003d8f9b   _RTCLowBattAlarm
003decb3   _ReadAccAverageVal
003ded07   _ReadAccCalNVMEM
003e4dc8   _ReadAlarmListfromNVMEM
003e41e9   _ReadAllFromEEPROM
003de85e   _ReadAllSensorStructfromNVMEM
003d8e92   _ReadAnalog
003decc8   _ReadAverageSpeedAcc
003e23cb   _ReadCLIChar
003d9224   _ReadCPPSettingsfromNVMEM
003ded3f   _ReadCalibrationStructfromNVMEM
003e4d81   _ReadCalibrationtdStructfromNVMEM
003e3870   _ReadCalibrationtdfromSDCardFile
003e4027   _ReadChannelResults
003e23dc   _ReadCharfromUartA
003e23ff   _ReadCharfromUartB
003e2420   _ReadCharfromUartD
003e423f   _ReadClockControl
003e424c   _ReadClockData
003e497b   _ReadConfigStructfromNVMEM
003d938b   _ReadDCModeChecksSettingsfromNVMEM
003de27e   _ReadDamagemonfromNVMEM
003e466b   _ReadDataFromUart_C
003e4701   _ReadDataFromUart_D
003e420b   _ReadEEPROMStruct
003e440e   _ReadEEprom1StatusReg
003dd4f1   _ReadEngineStructfromNVMEM
003dd01c   _ReadEvent
003dcff7   _ReadEventLogID
003dcfcb   _ReadEventLogVarsStructfromNVMEM
003d9794   _ReadFirstEventCode
003e3118   _ReadGeneralSettingsfromSDCardFile
003dcfff   _ReadLastEventID
003ded24   _ReadMAN1000NVMEM
003ded52   _ReadMANCalfromNVMEM
003de84d   _ReadMANCompTablefromNVMEM
003e340c   _ReadMANCompTablefromSDCardFile
003dcffb   _ReadMSGQueueNum
003e44df   _ReadMemoryEEprom1
003e443d   _ReadNVMemory
003decd7   _ReadNumPoints
003de89f   _ReadOffsetAfromNVMEM
003de8c3   _ReadOffsetBfromNVMEM
003e3316   _ReadOffsetsfromSDCardFile
003e0d12   _ReadPCCommsFlag
003d8d71   _ReadPRT
003dec7e   _ReadPrewarnStructfromNVMEM
003d91e4   _ReadSLEMSettingsfromNVMEM
003d923a   _ReadSensorSettingsfromNVMEM
003de87a   _ReadSensorStatusfromNVMEM
003e2ee0   _ReadSensorStatusfromSDCardFile
003decf2   _ReadSpeedCompStructfromNVMEM
003dd404   _ReadStatus1Int
003e51bf   _ReadWIOSettingsfromNVMEM
003e51f8   _ReadWaterinOilintoBuf
003e2656   _ReadWriteTransferBuffer
003e44bf   _ReadfromMemoryFRAM
003deff4   _RealRoughCal
003e45e1   _ReceiveByte
003e467c   _ReceiveByteUART
003e0dc1   _Registers
003e486b   _ReloadTimeFromFram
003e1b11   _ReprogramStartupInit
003e1b28   _ReprogramTimeoutCheck
003e1fbc   _Reprogramming
003e1cac   _ReprogrammingCalls
003e4766   _ResetCommsCheck
003e4780   _ResetLoopCheck
003df077   _RoughCal
003e20ae   _RunCodefromRam
003e38e3   _RunTimeMinUpdate
000091f2   _RxCharacterFlag
003e1c79   _RxStatusfromSlave
003e2a80   _SDAlarmFileRename
003e478f   _SDBusyCalls
003e2db1   _SDCalcEventLogID
003e36f4   _SDCardEraseAllFiles
003e2721   _SDCardInitfromModbus
003e273d   _SDCardInitialise
003e2511   _SDCardLogUpdate
003e35ff   _SDCardSetupDirectory
003e2560   _SDCardUpdate
003e2a62   _SDDailyFileDeletion
003e2e68   _SDEventLogDelete
003e2c45   _SDEventMessageUpdate
003e2c64   _SDEventMessagetoFile
003e2ba8   _SDLogBinaryData
003e2a01   _SDLogHeader
003e28be   _SDLogUpdate
003e2a3a   _SDLongTermLogUpdate
003e287c   _SDLongTermSetup
003e2b01   _SDOldLogFileDeletion
003e2d3c   _SDReadEvent
003e2cd0   _SDReadEventMessage
003e2aa2   _SDShortLogFileDeletion
003e2a2a   _SDShortTermLogUpdate
003e2a4a   _SDShortTermOldFileDeletion
003e27d8   _SDShortTermSetup
003e36c6   _SDcardError
003d90c3   _SLEMAlarm
003e0276   _SLEMUpdate
003e3902   _SPIUart_XMNI
003e02a3   _SPU2ValUpdate
003d9555   _SPUComms
003e47b3   _SPUUnitReset
003e0271   _Safe1Update
003e41cb   _SaveFirmwareStruct
003e380c   _SaveSDSettings
003e4194   _SaveSafeGeneric
003e41d3   _SaveSafeStruct1
003e41e2   _SaveSafeStruct2
003e48c4   _SaveTimetoFram
003e41da   _SaveXtswplusAnaCal
003e3665   _SdcardAmotFile
003df2b6   _SecondStageCalCurve
003e05e0   _SelectChannelFunc
003e4535   _SelectEEprom1
003e4547   _SelectFlash1
003e4550   _SelectFlash2
003e4559   _SelectFlash3
003e4562   _SelectFlash4
003e451d   _SelectFram1
003e4529   _SelectFram2
003e456b   _SelectRTC
003e460f   _SelectUart_C
003e46a9   _SelectUart_D
003e2321   _SendCLIChar
003e228a   _SendChar
003e22d2   _SendCharB
003e2486   _SendCharC
003e248d   _SendCharD
003e0d16   _SendResponse
003e3fdc   _SendScalingCommand
003e3d77   _SendSlaveResponse
003de59a   _SensorAlarm
003dea86   _SensorCompensation
003de00b   _SensorDamageMonSlowDown
003de925   _SensorDeviation
003de6dd   _SensorDeviationAlarm
003de639   _SensorDeviationSlowDown
003d95ab   _SensorFailure
003dd93f   _SensorImmCompensation
003de8d5   _SensorNoiseRemoval
003e02c6   _SensorNumChanged
003e065d   _SensorScalingFactorFunc
003de4f8   _SensorSlowDown
000080bc   _SensorSlowDowntatus
003e2e81   _SensorStatustoSDCardFile
003e027c   _SensorUpdate
003e0cc2   _Serial
003e20ef   _SerialPortASetup
003e214e   _SerialPortBSetup
003e2447   _SerialPortCSetup
003e2464   _SerialPortDSetup
003d97a9   _SetAlarmEvent
003dd107   _SetAlarmMask
003e2c29   _SetAllEventMsgs
003d9826   _SetBitEvent
003e060e   _SetCHValFunc
003dd0f0   _SetCalMode
003dd255   _SetImmScaledValue
003d94f1   _SetNoPulseFlag
003dd2b3   _SetPreCompValue
003d8778   _SetProximityScalingValue
003dd245   _SetRPM
003dd3e9   _SetRPMChan
003d9341   _SetRealtimePreCompValue
003d9309   _SetRealtimeuAScaledValue
003dd263   _SetScaledValue
003dd0cf   _SetSensorEnabled
003e4e1c   _SetSlaveVersion
003e5080   _SetWIOAlarmMask
003d886e   _SetuAScaledValue
003e02bb   _SetupAlarmLevels
003e02da   _SetupCLI
003d8cbe   _SetupConstantCurrentMux
003e3acd   _SetupDefaultSettings
003dd004   _SetupEventReadBack
003e3a05   _SetupInterruptsandTimers
003dee21   _SetupLearningModeAlarmLevels
003d8a8c   _SetupMotionDir
003dd078   _SetupNormalModeAlarmLevels
003e3c19   _SetupOffsetDefaults
003e3a59   _SetupPIEVectors
003d8be2   _SetupScaling
003e3bf6   _SetupSensorStatusDefaults
003e3c48   _Slave485Init
003e3c6c   _Slave485Modbus
003d814c   _SlaveDefaultNotSet
003e3deb   _SlaveRegisters
003db6bf   _SlowDownBlipControl
003db8a3   _SlowDownLevelOP
003e028d   _SpeedCompStructUpdate
003df37b   _Stage3CalCurve
003db437   _StartupDelay
003dd671   _StartupRefReload
003dd3e1   _Status1Flags
003d94ea   _Status3Flags
003e4123   _StoreSPU2Status
003e4a35   _StringBytetoIntArray
003e49ec   _StringInttoByteArray
003d9508   _SystemChecks
003e0bd4   _TerminateCmd
003dfa52   _TestSD
003e0760   _ThresholdFunc
003e0843   _TimeSetFunc
003db449   _TimerCheck
003e3a6f   _TimingSetup
003e45af   _TransmitByte
003e1bd1   _TxNowtoSlave
003e1c41   _TxRegtoSlave
003e38f0   _UnusedIsr
003e02d4   _UpdateAllSensor
003e4c8c   _UpdateNonVolSafeCheck
003e51c8   _WIO485Init
003e4ff3   _WIOActivityWord
003e50ed   _WIOAlarm
003e4e82   _WIOAnalog
003e4e92   _WIOAnalogInput
003e508a   _WIOChecks
003e514b   _WIOCommsLost
003e4f96   _WIOCommsOORClearDown
003e507c   _WIOEnabled
003e4e57   _WIOInit
003e5047   _WIOPPMWord
003e521c   _WIOReceive
003e4fb9   _WIOTemperatureWord
003e5093   _WIOUpperAlarm
003e4634   _WaitforUartTxComplete_C
003e46ca   _WaitforUartTxComplete_D
003db611   _WatchdogKick
003e5289   _WaterInOilResponse
003e51de   _WaterinOil
003e4e7c   _WioSettingsStructPtr
003e4e7f   _WioStructPtr
003e0294   _WioUpdate
003decfb   _WriteAccCalNVMEM
003e4def   _WriteAlarmListtoNVMEM
003de855   _WriteAllSensorStructtoNVMEM
003e4646   _WriteBytetoUart_C
003e46dc   _WriteBytetoUart_D
003d9217   _WriteCPPSettingstoNVMEM
003ded35   _WriteCalibrationStructtoNVMEM
003e4d70   _WriteCalibrationtdStructtoNVMEM
003e4281   _WriteClockData
003e496e   _WriteConfigStructtoNVMEM
003d937e   _WriteDCModeChecksSettingstoNVMEM
003de26d   _WriteDamagemontoNVMEM
003e430a   _WriteDateHrsData
003e1f19   _WriteEnable
003e43e5   _WriteEnableEEprom1
003e44f0   _WriteEnableFram1
003e44f8   _WriteEnableFram2
003dd4fa   _WriteEngineStructtoNVMEM
003dcfc2   _WriteEventLogVarsStructtoNVMEM
003ded13   _WriteMAN1000NVMEM
003ded49   _WriteMANCaltoNVMEM
003de845   _WriteMANCompTabletoNVMEM
003e4349   _WriteMinsSecsData
003e441c   _WriteNVMemory
003de88d   _WriteOffsetAtoNVMEM
003de8b1   _WriteOffsetBtoNVMEM
003dec75   _WritePrewarnStructtoNVMEM
003d91d7   _WriteSLEMSettingstoNVMEM
003d922d   _WriteSensorSettingstoNVMEM
003de867   _WriteSensorStatustoNVMEM
003dece5   _WriteSpeedCompStructtoNVMEM
003e43ed   _WriteStatusRegEEprom1
003e4629   _WriteUartConfig_C
003e46bf   _WriteUartConfig_D
003e51b2   _WriteWIOSettingstoNVMEM
003e42d0   _WriteYrMnthData
003e43fb   _WritetoMemoryEEprom1
003e4500   _WritetoMemoryFRAM
003e4c0d   _YearMonthUpdate
003e3727   _YearstoSecs
000001c2   __STACK_SIZE
00000190   __SYSMEM_SIZE
ffffffff   ___binit__
00000400   ___bss__
ffffffff   ___c_args__
003ea966   ___cinit__
00000000   ___data__
00000000   ___edata__
00000400   ___end__
003e758c   ___etext__
003e5670   ___memcpy
003e568e   ___memcpy_ff
003e5684   ___memcpy_fn
003e567a   ___memcpy_nf
ffffffff   ___pinit__
003d8000   ___text__
003e659f   __args_main
00009604   __cleanup_ptr
003ea830   __ctypes_
00009602   __dtors_ptr
003dc1c2   __f_addentry
003da756   __f_alloccluster
003dadc6   __f_check_handle
003da89c   __f_checklocked
003da8c0   __f_checkreadlocked
003d9ad5   __f_checkstatus
003da2da   __f_clustertopos
003dbcde   __f_cmp_wname
003da7f7   __f_dobadblock
003daad3   __f_emptywritebuffer
003da9d7   __f_emptywritecache
003dabba   __f_fseek
003da0b5   __f_getclustervalue
003da67b   __f_getcurrsector
003da6de   __f_getdecluster
003db9e6   __f_getdirsector
003d9a86   __f_getlong
003d9bfc   __f_getmaxcluster
003da186   __f_getvolume
003d9a79   __f_getword
003da72a   __f_initentry
003db13c   __f_mutex_get
003db158   __f_mutex_put
003d9b7f   __f_readsector
003dad00   __f_removechain
003d9fdd   __f_setclustervalue
003da6fd   __f_setdecluster
003d9aa0   __f_setlong
003d9a80   __f_setword
003dad49   __f_updatefileentry
003dba0d   __f_writedirsector
003d9f5e   __f_writefatsector
003d9ae9   __f_writesector
003db1fd   __fn_initseekdivisor
003db270   __fn_removeseekpos
003db245   __fn_updateseekpos
00009682   __lock
003e5868   __nop
003e5871   __printfi
003e5869   __register_lock
003e586d   __register_unlock
003e5ffc   __scanfi
003f9cb2   __sys_memory
00009680   __unlock
003e534a   _abort
00009400   _adcdata
00007100   _adcregs
00009c78   _alarms
00009300   _allsensors
003e8558   _allsensorsfile
003e82e4   _amotheader
00008e54   _asciilog
003e5329   _atexit
003e65b3   _atoi
000086be   _bReadyToSampling
000086bf   _bSamplingFinished
00009d00   _bearingstatus
003d9801   _bitEventIncrement
00009c9c   _bitalarmlist
00009cc0   _biteventlist
00009c79   _biteventpos
003f7f00   _c_int00
003e8872   _cal_abort
000086c0   _calibration
000092dd   _calibrationtd
003e85a6   _calibtdfile
003e6ca9   _calloc
003e89d0   _calstage
000086bd   _chanUT
000084c0   _checkmanalarms
003e6cc3   _chkheap
003e24f0   _clearCommsErrors
000092c0   _clocktime
0000025a   _cmdbuf
000091ec   _cmdbufptr
000092e4   _config
003ea064   _configchecklist
000091f3   _confirmation
00009458   _counter
000080f9   _cppRapidReset
0000958a   _cppsettings
003dfa88   _crc16
00009fa3   _cylinderalarm
003e86e2   _cylinderdev_alarm
00009340   _cylinders
00009fbe   _damagecylprev
00009fbf   _damagembnprev
0000842a   _damagemon
00009c80   _damagemonignore
00009fbc   _damagesingleprev
000080fb   _damalarms
003e8cbe   _damcyl
003e8cf0   _dammbsum
003e8c8c   _damsingle
0000959a   _dcChan
000095dc   _dcmodechecks
00009459   _dcmodeprev
000080fa   _delatloadgreater7
003e86b0   _devsensor_alarm
003e867e   _devsensor_slowdown
00009f80   _digout
003e8c5a   _digouttest
003e8b2e   _direction_cal
000095ec   _dummy
00008618   _dynalarmlevels
000091f4   _e
003e65fd   _ecvt
0000803c   _engine
000091ee   _eocmdbuf
000095eb   _errno
003e8afc   _event_normal
003e858f   _eventfile
003e83ee   _eventheader
003e8db8   _eventlogcleared
00009e80   _eventlogentry
00009e41   _eventlogvars
003e8583   _eventmsgfile
003e8599   _eventposfile
003e5301   _exit
003e534b   _exp
003f9ab2   _f_databuf
003f9068   _f_filesystem
00008f54   _f_filesystem_initialized
003e1ab4   _f_getdate
003e1a77   _f_getrand
003e1ad9   _f_gettime
003e1afa   _f_mutex_create
003e1afe   _f_mutex_delete
003e1b02   _f_mutex_get
003e1b0b   _f_mutex_put
003db121   _f_releaseFS
003e66e9   _fcvt
00008cc0   _fileregs
00008f00   _find
000096a7   _firmware
003e899e   _firmwarechange
000095ee   _flashaddr
000095f2   _flashcheck
003dccee   _fm_chdir
003dcca3   _fm_chdrive
003dcc0e   _fm_checkvolume
003dcd9e   _fm_close
003dcee2   _fm_delete
003dcc26   _fm_delvolume
003dce9f   _fm_eof
003dcd86   _fm_filelength
003dcd36   _fm_findfirst
003dcd52   _fm_findnext
003dcdb6   _fm_flush
003dcc4b   _fm_format
003dcf8a   _fm_get_oem
003dcc29   _fm_get_volume_count
003dcc2c   _fm_get_volume_list
003dcefa   _fm_getattr
003dce51   _fm_getc
003dcc67   _fm_getcwd
003dcc83   _fm_getdcwd
003dccbb   _fm_getdrive
003dccd2   _fm_getfreespace
003dcf32   _fm_getlabel
003dcea2   _fm_gettimedate
003dcbe5   _fm_getversion
003dcc2f   _fm_hardformat
003dcbe8   _fm_initvolume
003dcd06   _fm_mkdir
003dcdce   _fm_open
003dce6a   _fm_putc
003dcdea   _fm_read
003dcd6a   _fm_rename
003dce87   _fm_rewind
003dcd1e   _fm_rmdir
003dce2e   _fm_seek
003dcf16   _fm_setattr
003dcfaa   _fm_seteof
003dcf52   _fm_setlabel
003dcec2   _fm_settimedate
003dce4e   _fm_tell
003dcf6e   _fm_truncate
003dce0c   _fm_write
003db0d7   _fnSetTask
003dc06f   _fn_chdir
003da71a   _fn_chdrive
003da27a   _fn_checkvolume
003dadde   _fn_close
003dc787   _fn_delete
003da27e   _fn_delvolume
003db096   _fn_eof
003dc42d   _fn_filelength
003dbfc7   _fn_findfirst
003dbfff   _fn_findnext
003dae22   _fn_flush
003da5e0   _fn_format
003db165   _fn_get_oem
003da2ad   _fn_get_volume_count
003da2c2   _fn_get_volume_list
003dc7f0   _fn_getattr
003db0c4   _fn_getc
003dbf63   _fn_getcwd
003dbf08   _fn_getdcwd
003da718   _fn_getdrive
003da8e8   _fn_getfreespace
003dc92f   _fn_getlabel
003e1b0f   _fn_gettaskID
003dc72d   _fn_gettimedate
003d9a76   _fn_getversion
003da549   _fn_hardformat
003da21a   _fn_initvolume
003dc2ed   _fn_mkdir
003dc470   _fn_open
003db0b0   _fn_putc
003dae58   _fn_read
003dc0dc   _fn_rename
003db0a9   _fn_rewind
003dc897   _fn_rmdir
003db02c   _fn_seek
003dc83f   _fn_setattr
003db19e   _fn_seteof
003dc9f2   _fn_setlabel
003dc6db   _fn_settimedate
003db07e   _fn_tell
003dcad5   _fn_truncate
003daf5a   _fn_write
00009fb5   _framfailprev
003e8908   _framfault1
003e893a   _framfault2
003e6ba6   _free
003e6cc5   _free_memory
003e8714   _full_auto_calibration
00008078   _function
00008f56   _g_multi
000070e0   _gpa
000070e4   _gpb
000070ec   _gpd
000070f0   _gpe
000070f4   _gpf
000070f8   _gpg
000080be   _iBarred
000080bf   _iDeltaRPM15
000080bd   _iDmPause
003e82e3   _iDmPauseDeltaRpm
000089f9   _iFiveResDone
000089f7   _iRepaidWearReset
000080b8   _iSensorInRepalce
0000803b   _iSensorInRepalceMode
0000803f   _iSensorInRepalceTimer
0000803e   _iSensorInResetMode
000080b9   _iSensorToMonitor
000089f8   _iStartRapidWear
00009480   _inputs
003e563d   _ldexp
000092ce   _livetime
00008640   _loaddynalarmlevels
00009584   _loadlevel
00009e40   _logging
000092d1   _logtime
00008e40   _longterm
003e87aa   _look_up_average_error
0000932e   _loopcheck
003e8778   _loss_of_comms_spu2
003e6ad4   _ltoa
003db299   _main
003e6b41   _malloc
003f8000   _man_comptable
000086b8   _mancal
003e856f   _mancompfile
003e8579   _mancompfile2
00008500   _manref
000084dc   _manrefsum
00008e66   _mansd
003e6ce4   _max_free
0000803a   _mbupdate
003e6b00   _memccpy
003e566d   _memcpy
003e56ae   _memset
003e6b12   _minit
003e0122   _mmc_initfunc
003dfe26   _mmc_readmultiplesector
003dfe1e   _mmc_readsector
003dfe36   _mmc_writemultiplesector
003dfe2e   _mmc_writesector
0000849c   _modalresetcounters
00008480   _modalsetcounters
00009092   _modbusackbuffer
00008f80   _modbuscmdbuf
0000908c   _modbuscmdbufptr
0000908a   _modbusdummy
0000908f   _modbusrxchar
0000908b   _modbusrxcharcount
00009090   _modbusupdate
003ea030   _monthlst
000092d4   _motion
00009c5c   _noisefilterLOAD
0000908e   _numbytesexpected
00008440   _offsetA
0000845c   _offsetB
003e8a66   _offset_adjust
003e8563   _offsetsfile
00008e80   _pMsgList
003e88d6   _paramchange
003e98d2   _parameters
00009fb6   _pccommsfailureprev
003e896c   _pccommsfault
0000014a   _pcmodbus
003e8a02   _poweron
00008380   _prewarn
003e8a98   _prewarn_initiated
000091fe   _prompt
00009476   _proximityscalingfactor
003e6bf5   _realloc
00000040   _receiveA
003f9e42   _receiveB
000000e2   _receiveC
000091ca   _receiveD
00009da4   _receivingmode
003e8bf6   _replace_500hrcomplete
003e8bc4   _replace_50hrcomplete
003e8b92   _replacement_cancelled
00008f70   _reprogram
000090c0   _responsemsg
00009684   _rpmdata
000086bc   _rpmpointtest
003e8aca   _rtc_fault
0000947e   _rtcbat
00009fc0   _rtcbatprev
003e8d54   _rtcbattery
000091f1   _rxchar
000091f0   _rxcharcount
00009280   _safe1
0000929f   _safe2
00007050   _sciportA
00007750   _sciportB
003e849f   _sdcardcompheader
003e85b2   _sdcarddir
003e87dc   _sdcardfail
00009fb3   _sdcardprev
003e840e   _sdcardrawheader
00008e0e   _sdsettings
00008180   _sensor
0000957e   _sensorMoving
003e864c   _sensor_alarm
003e8746   _sensor_calibration
003e85e8   _sensor_failure
003e8a34   _sensor_prewarn
003e8b60   _sensor_replacement
003e861a   _sensor_slowdown
003e8c28   _sensorstatus
0000809c   _sensortempval
0000924c   _settings
003e854d   _settingsfile
00008e12   _shortterm
00009dc0   _slave485mb
00009fb4   _slavefailureprev
00009d40   _slaveresponsemsg
00009580   _slem
003e8d22   _slemOOR
003e8d86   _slemalarm
00009fbb   _slemoorprev
00009fba   _slemprev
00009478   _slemsettings
00009475   _slowdownblipstate
000089da   _speedcompcoeffs
003dfb71   _spi_drv_change
003dfae0   _spigetbit
003dfb15   _spigetbit32
00007040   _spiregs
003dfab7   _spitxbyte
003dfac7   _spitxlong
003dfabb   _spitxword
003e56bd   _sprintf
003e56f0   _sqrt
003e5741   _sscanf
00009c40   _status3
003e8542   _statusfile
00009f87   _statusprevious
003e579f   _strcat
003e57b4   _strcmp
003e57c4   _strcpy
003e57d3   _strcspn
0000027a   _stringbuffer
003e57ea   _strlen
003e57f7   _strncmp
003e5812   _strncpy
003e6d06   _strrchr
003e6d16   _strtod
003e6eaf   _strtol
003e6f9a   _strtold
003e7156   _strtoll
003e72b3   _strtoul
003e739a   _strtoull
00009fc1   _tempprev
00009200   _timers
00009380   _transferbuffer
000000d6   _transmitA
003f9ed8   _transmitB
000096c0   _truncate_tmp
000096a2   _txmode
0000959b   _uArealtimeValue
000095c0   _umrealtimeValue
003ea1ae   _vec
003ea932   _version
003ea931   _versionreg
000096a6   _versionregslave
000089f4   _wFiveResulotionInMs
000080ba   _wFiveRevTime
003ea486   _wThirtySecondInMs
00008666   _waterinoil
00008664   _wio_OORflag
003e8840   _wio_alarm
003e88a4   _wio_comms
003e880e   _wio_upperalarm
00009fb1   _wioalarmprev
00009fb2   _wioalarmupperprev
00009fb9   _wioanaloghighprev
00009fb8   _wioanaloglowprev
00009fb7   _wiocommsprev
000096a4   _wioerrorcode
000096a3   _wiolost
00009698   _wioresponsemsg
00008672   _wiosettings
00009270   _xtswplusanacal
ffffffff   binit
003ea966   cinit
00000000   edata
00000400   end
003e758c   etext
ffffffff   pinit


GLOBAL SYMBOLS: SORTED BY Symbol Address 

address    name
--------   ----
00000000   edata
00000000   ___data__
00000000   ___edata__
00000000   .data
00000040   _receiveA
000000d6   _transmitA
000000e2   _receiveC
0000014a   _pcmodbus
00000190   __SYSMEM_SIZE
000001c2   __STACK_SIZE
0000025a   _cmdbuf
0000027a   _stringbuffer
00000400   ___end__
00000400   .bss
00000400   end
00000400   ___bss__
00007040   _spiregs
00007050   _sciportA
000070e0   _gpa
000070e4   _gpb
000070ec   _gpd
000070f0   _gpe
000070f4   _gpf
000070f8   _gpg
00007100   _adcregs
00007750   _sciportB
0000803a   _mbupdate
0000803b   _iSensorInRepalceMode
0000803c   _engine
0000803e   _iSensorInResetMode
0000803f   _iSensorInRepalceTimer
00008078   _function
0000809c   _sensortempval
000080b8   _iSensorInRepalce
000080b9   _iSensorToMonitor
000080ba   _wFiveRevTime
000080bc   _SensorSlowDowntatus
000080bd   _iDmPause
000080be   _iBarred
000080bf   _iDeltaRPM15
000080f8   _PauseAlarm
000080f9   _cppRapidReset
000080fa   _delatloadgreater7
000080fb   _damalarms
00008180   _sensor
00008380   _prewarn
0000842a   _damagemon
00008440   _offsetA
0000845c   _offsetB
00008480   _modalsetcounters
0000849c   _modalresetcounters
000084c0   _checkmanalarms
000084dc   _manrefsum
00008500   _manref
00008618   _dynalarmlevels
00008640   _loaddynalarmlevels
00008664   _wio_OORflag
00008666   _waterinoil
00008672   _wiosettings
000086b8   _mancal
000086bc   _rpmpointtest
000086bd   _chanUT
000086be   _bReadyToSampling
000086bf   _bSamplingFinished
000086c0   _calibration
000089da   _speedcompcoeffs
000089f4   _wFiveResulotionInMs
000089f6   _CalRpm
000089f7   _iRepaidWearReset
000089f8   _iStartRapidWear
000089f9   _iFiveResDone
00008a02   _MmcDrv
00008ac0   _CRCtbl
00008cc0   _fileregs
00008e0e   _sdsettings
00008e12   _shortterm
00008e40   _longterm
00008e54   _asciilog
00008e66   _mansd
00008e80   _pMsgList
00008f00   _find
00008f52   _MagicNumber
00008f54   _f_filesystem_initialized
00008f56   _g_multi
00008f70   _reprogram
00008f80   _modbuscmdbuf
0000908a   _modbusdummy
0000908b   _modbusrxcharcount
0000908c   _modbuscmdbufptr
0000908e   _numbytesexpected
0000908f   _modbusrxchar
00009090   _modbusupdate
00009092   _modbusackbuffer
000090c0   _responsemsg
000091ca   _receiveD
000091e8   _CommandNum
000091e9   _CommandLen
000091ea   _CommandOffset
000091ec   _cmdbufptr
000091ee   _eocmdbuf
000091f0   _rxcharcount
000091f1   _rxchar
000091f2   _RxCharacterFlag
000091f3   _confirmation
000091f4   _e
000091fe   _prompt
00009200   _timers
0000924c   _settings
00009270   _xtswplusanacal
00009280   _safe1
0000929f   _safe2
000092c0   _clocktime
000092ce   _livetime
000092d1   _logtime
000092d4   _motion
000092dd   _calibrationtd
000092e4   _config
00009300   _allsensors
0000932e   _loopcheck
00009340   _cylinders
00009380   _transferbuffer
00009400   _adcdata
00009458   _counter
00009459   _dcmodeprev
00009475   _slowdownblipstate
00009476   _proximityscalingfactor
00009478   _slemsettings
0000947e   _rtcbat
00009480   _inputs
0000957e   _sensorMoving
00009580   _slem
00009584   _loadlevel
0000958a   _cppsettings
0000959a   _dcChan
0000959b   _uArealtimeValue
000095b7   _DCModePeakReset
000095b9   _DCModeCylinderComparison
000095ba   _DCModeInRangeOK
000095bc   _DCModeInRangeIdeal
000095c0   _umrealtimeValue
000095dc   _dcmodechecks
000095eb   _errno
000095ec   _dummy
000095ee   _flashaddr
000095f2   _flashcheck
00009602   __dtors_ptr
00009604   __cleanup_ptr
00009680   __unlock
00009682   __lock
00009684   _rpmdata
00009698   _wioresponsemsg
000096a2   _txmode
000096a3   _wiolost
000096a4   _wioerrorcode
000096a6   _versionregslave
000096a7   _firmware
000096c0   _truncate_tmp
00009c40   _status3
00009c5c   _noisefilterLOAD
00009c78   _alarms
00009c79   _biteventpos
00009c80   _damagemonignore
00009c9c   _bitalarmlist
00009cc0   _biteventlist
00009d00   _bearingstatus
00009d40   _slaveresponsemsg
00009da4   _receivingmode
00009dc0   _slave485mb
00009e40   _logging
00009e41   _eventlogvars
00009e80   _eventlogentry
00009f80   _digout
00009f87   _statusprevious
00009fa3   _cylinderalarm
00009fb1   _wioalarmprev
00009fb2   _wioalarmupperprev
00009fb3   _sdcardprev
00009fb4   _slavefailureprev
00009fb5   _framfailprev
00009fb6   _pccommsfailureprev
00009fb7   _wiocommsprev
00009fb8   _wioanaloglowprev
00009fb9   _wioanaloghighprev
00009fba   _slemprev
00009fbb   _slemoorprev
00009fbc   _damagesingleprev
00009fbe   _damagecylprev
00009fbf   _damagembnprev
00009fc0   _rtcbatprev
00009fc1   _tempprev
003d8000   ___text__
003d8000   _InitADC
003d8000   .text
003d814c   _SlaveDefaultNotSet
003d815e   _IntADCIsr
003d850c   _InitScalingFactor
003d8533   _DCMode
003d85a1   _DCModeInit
003d85e3   _DCModeClear
003d85f3   _DCModeCalcs
003d8614   _DCModeStoreVal
003d8675   _DCModePeakHold
003d86f1   _PeakConversion
003d8719   _AnalogueInputScaleAllChannels
003d8778   _SetProximityScalingValue
003d879a   _ProximityScaling
003d886e   _SetuAScaledValue
003d889e   _GetuASCaledValue
003d88a6   _PulseCounterCheck
003d88f3   _PulseRPMCalc
003d8a44   _ClearEngineDirCal
003d8a76   _InitMotionCal
003d8a8c   _SetupMotionDir
003d8ac3   _CheckForwardAstern
003d8b75   _AnalogOOR
003d8be2   _SetupScaling
003d8c46   _Calibrate18mA
003d8c75   _ADCChanPtr
003d8cbe   _SetupConstantCurrentMux
003d8d05   _CalibratePRT
003d8d71   _ReadPRT
003d8e05   _PRTConversion
003d8e90   _GetVoltageStatus
003d8e92   _ReadAnalog
003d8f75   _RTCBattery
003d8f9b   _RTCLowBattAlarm
003d8fd0   _ProcessAnalogCpp
003d904a   _AnalogSLEM
003d90c3   _SLEMAlarm
003d9121   _CheckSLEMRange
003d91d7   _WriteSLEMSettingstoNVMEM
003d91e4   _ReadSLEMSettingsfromNVMEM
003d91f5   _LoadSLEMDefaults
003d9217   _WriteCPPSettingstoNVMEM
003d9224   _ReadCPPSettingsfromNVMEM
003d922d   _WriteSensorSettingstoNVMEM
003d923a   _ReadSensorSettingsfromNVMEM
003d9243   _LoadCPPDefaults
003d9260   _LoadSensorDefaults
003d9267   _CalibrateLoop18mA
003d9309   _SetRealtimeuAScaledValue
003d9339   _GetRealtimeuAScaledValue
003d9341   _SetRealtimePreCompValue
003d934a   _GetRealtimePreCompValue
003d937e   _WriteDCModeChecksSettingstoNVMEM
003d938b   _ReadDCModeChecksSettingsfromNVMEM
003d9394   _LoadDCModeChecksDefaults
003d93af   _PeakResetBitStatus
003d93c9   _PeakResetBitClear
003d93ea   _DCModeChecks
003d948b   _DCModeAuto
003d94ae   _InitSystemAlarms
003d94d7   _ClearStatusFlagsforSlave
003d94e7   _GetAlarmFlags
003d94ea   _Status3Flags
003d94f1   _SetNoPulseFlag
003d9502   _GetNoPulseFlag
003d9508   _SystemChecks
003d9523   _FramFailure
003d9555   _SPUComms
003d95ab   _SensorFailure
003d9721   _ClearEventCodeListArea
003d9794   _ReadFirstEventCode
003d97a1   _AlarmEventIDInc
003d97a9   _SetAlarmEvent
003d97d5   _ClearAlarmEvent
003d9801   _bitEventIncrement
003d9826   _SetBitEvent
003d9860   _ClearBitEvent
003d989a   _BitEventCompiled
003d98ab   _BearingStatus
003d9a4d   _CheckDMSingleBitSet
003d9a66   _CheckAlarmBitSet
003d9a76   _fn_getversion
003d9a79   __f_getword
003d9a80   __f_setword
003d9a86   __f_getlong
003d9aa0   __f_setlong
003d9ad5   __f_checkstatus
003d9ae9   __f_writesector
003d9b7f   __f_readsector
003d9bfc   __f_getmaxcluster
003d9f5e   __f_writefatsector
003d9fdd   __f_setclustervalue
003da0b5   __f_getclustervalue
003da186   __f_getvolume
003da21a   _fn_initvolume
003da27a   _fn_checkvolume
003da27e   _fn_delvolume
003da2ad   _fn_get_volume_count
003da2c2   _fn_get_volume_list
003da2da   __f_clustertopos
003da549   _fn_hardformat
003da5e0   _fn_format
003da67b   __f_getcurrsector
003da6de   __f_getdecluster
003da6fd   __f_setdecluster
003da718   _fn_getdrive
003da71a   _fn_chdrive
003da72a   __f_initentry
003da756   __f_alloccluster
003da7f7   __f_dobadblock
003da89c   __f_checklocked
003da8c0   __f_checkreadlocked
003da8e8   _fn_getfreespace
003da9d7   __f_emptywritecache
003daad3   __f_emptywritebuffer
003dabba   __f_fseek
003dad00   __f_removechain
003dad49   __f_updatefileentry
003dadc6   __f_check_handle
003dadde   _fn_close
003dae22   _fn_flush
003dae58   _fn_read
003daf5a   _fn_write
003db02c   _fn_seek
003db07e   _fn_tell
003db096   _fn_eof
003db0a9   _fn_rewind
003db0b0   _fn_putc
003db0c4   _fn_getc
003db0d7   _fnSetTask
003db121   _f_releaseFS
003db13c   __f_mutex_get
003db158   __f_mutex_put
003db165   _fn_get_oem
003db19e   _fn_seteof
003db1fd   __fn_initseekdivisor
003db245   __fn_updateseekpos
003db270   __fn_removeseekpos
003db299   _main
003db437   _StartupDelay
003db449   _TimerCheck
003db473   _PerformIsr1
003db611   _WatchdogKick
003db61e   _PerformIsr13
003db62d   _PerformIsr14
003db63c   _InitOP
003db6b8   _ProcessDigitalOP
003db6bf   _SlowDownBlipControl
003db6c7   _AliveStatus
003db7a9   _AlarmLevelOP
003db8a3   _SlowDownLevelOP
003db9ba   _InitOffboardGPIO
003db9e6   __f_getdirsector
003dba0d   __f_writedirsector
003dbcde   __f_cmp_wname
003dbf08   _fn_getdcwd
003dbf63   _fn_getcwd
003dbfc7   _fn_findfirst
003dbfff   _fn_findnext
003dc06f   _fn_chdir
003dc0dc   _fn_rename
003dc1c2   __f_addentry
003dc2ed   _fn_mkdir
003dc42d   _fn_filelength
003dc470   _fn_open
003dc6db   _fn_settimedate
003dc72d   _fn_gettimedate
003dc787   _fn_delete
003dc7f0   _fn_getattr
003dc83f   _fn_setattr
003dc897   _fn_rmdir
003dc92f   _fn_getlabel
003dc9f2   _fn_setlabel
003dcad5   _fn_truncate
003dcbe5   _fm_getversion
003dcbe8   _fm_initvolume
003dcc0e   _fm_checkvolume
003dcc26   _fm_delvolume
003dcc29   _fm_get_volume_count
003dcc2c   _fm_get_volume_list
003dcc2f   _fm_hardformat
003dcc4b   _fm_format
003dcc67   _fm_getcwd
003dcc83   _fm_getdcwd
003dcca3   _fm_chdrive
003dccbb   _fm_getdrive
003dccd2   _fm_getfreespace
003dccee   _fm_chdir
003dcd06   _fm_mkdir
003dcd1e   _fm_rmdir
003dcd36   _fm_findfirst
003dcd52   _fm_findnext
003dcd6a   _fm_rename
003dcd86   _fm_filelength
003dcd9e   _fm_close
003dcdb6   _fm_flush
003dcdce   _fm_open
003dcdea   _fm_read
003dce0c   _fm_write
003dce2e   _fm_seek
003dce4e   _fm_tell
003dce51   _fm_getc
003dce6a   _fm_putc
003dce87   _fm_rewind
003dce9f   _fm_eof
003dcea2   _fm_gettimedate
003dcec2   _fm_settimedate
003dcee2   _fm_delete
003dcefa   _fm_getattr
003dcf16   _fm_setattr
003dcf32   _fm_getlabel
003dcf52   _fm_setlabel
003dcf6e   _fm_truncate
003dcf8a   _fm_get_oem
003dcfaa   _fm_seteof
003dcfc2   _WriteEventLogVarsStructtoNVMEM
003dcfcb   _ReadEventLogVarsStructfromNVMEM
003dcfd4   _ClearMSGQueue
003dcfda   _MSGQueueNumfromPC
003dcfea   _ClearAlarmListandEventLog
003dcff7   _ReadEventLogID
003dcffb   _ReadMSGQueueNum
003dcfff   _ReadLastEventID
003dd004   _SetupEventReadBack
003dd01c   _ReadEvent
003dd027   _ClearMANTable
003dd051   _ClearSelectiveMANTable
003dd078   _SetupNormalModeAlarmLevels
003dd097   _InitSensors
003dd0c2   _InitStatus1Flags
003dd0cf   _SetSensorEnabled
003dd0e6   _GetSensorEnabled
003dd0f0   _SetCalMode
003dd107   _SetAlarmMask
003dd11e   _GetSensorAlarmMask
003dd129   _GetRPM
003dd138   _GetCheckedRPM
003dd159   _GetModalRPM
003dd245   _SetRPM
003dd255   _SetImmScaledValue
003dd263   _SetScaledValue
003dd271   _GetScaledValue
003dd27a   _GetPreCompValue
003dd2b3   _SetPreCompValue
003dd2c1   _GetPostCompValue
003dd2ca   _GetPostFilteredValue
003dd2d5   _GetEndResultValue
003dd304   _GetSensorDeviationValue
003dd333   _GetCylinderAverageValue
003dd38a   _GetCylinderDeviationValue
003dd3e1   _Status1Flags
003dd3e9   _SetRPMChan
003dd404   _ReadStatus1Int
003dd40d   _GetStatus2Flags
003dd415   _MANCompTable
003dd429   _GetRPMCompVal
003dd434   _InitMAN
003dd4e3   _EngineRunTimeUpdate
003dd4f1   _ReadEngineStructfromNVMEM
003dd4fa   _WriteEngineStructtoNVMEM
003dd503   _NominalSpeedUpdate
003dd567   _MANAlarmChecks
003dd64d   _EnableNoiseFilter
003dd671   _StartupRefReload
003dd7e7   _CylNeighbourRegSet
003dd833   _MBNeighbourRegSet
003dd886   _CylinderSum
003dd8d5   _MBNeighbourSum
003dd930   _ApplyImmOffset
003dd93f   _SensorImmCompensation
003dd95a   _MANRefCalcs
003ddc70   _DynamicAlarmLevel
003ddf27   _CalcAlarmLevel1
003ddf4f   _CalcAlarmLevel2
003ddf94   _FindMaxRPMAlarm
003ddfaf   _CalcAlarmLevel3
003ddfcf   _CalcAlarmLevel4
003de00b   _SensorDamageMonSlowDown
003de0c9   _ClearSensorDamageMonSlowDown
003de113   _CylDamageMonSlowDown
003de194   _ClearCylDamageMonSlowDown
003de1c0   _MBNeighbourDamageMonSlowDown
003de241   _ClearMBNeighbourDamageMonSlowDown
003de26d   _WriteDamagemontoNVMEM
003de27e   _ReadDamagemonfromNVMEM
003de287   _LoadDamagemonDefaults
003de2e5   _MANModules
003de4f8   _SensorSlowDown
003de59a   _SensorAlarm
003de639   _SensorDeviationSlowDown
003de6dd   _SensorDeviationAlarm
003de77f   _CylinderDevAlarm
003de845   _WriteMANCompTabletoNVMEM
003de84d   _ReadMANCompTablefromNVMEM
003de855   _WriteAllSensorStructtoNVMEM
003de85e   _ReadAllSensorStructfromNVMEM
003de867   _WriteSensorStatustoNVMEM
003de87a   _ReadSensorStatusfromNVMEM
003de88d   _WriteOffsetAtoNVMEM
003de89f   _ReadOffsetAfromNVMEM
003de8b1   _WriteOffsetBtoNVMEM
003de8c3   _ReadOffsetBfromNVMEM
003de8d5   _SensorNoiseRemoval
003de91a   _NoiseFilterApplied
003de925   _SensorDeviation
003de998   _CylinderAverage
003dea01   _CylinderDeviation
003dea86   _SensorCompensation
003deaac   _ApplyOffset
003deac4   _PreWarningPowerUpInit
003dead2   _PrewarnReset
003deb0d   _PreWarningInit
003deb20   _PreWarnLevelReset
003deb3d   _PreWarningCalc
003dec55   _PrewarningAlarmReset
003dec75   _WritePrewarnStructtoNVMEM
003dec7e   _ReadPrewarnStructfromNVMEM
003dec87   _CalAbort
003decaa   _PowerUpCalInit
003decb3   _ReadAccAverageVal
003decc8   _ReadAverageSpeedAcc
003decd7   _ReadNumPoints
003dece5   _WriteSpeedCompStructtoNVMEM
003decf2   _ReadSpeedCompStructfromNVMEM
003decfb   _WriteAccCalNVMEM
003ded07   _ReadAccCalNVMEM
003ded13   _WriteMAN1000NVMEM
003ded24   _ReadMAN1000NVMEM
003ded35   _WriteCalibrationStructtoNVMEM
003ded3f   _ReadCalibrationStructfromNVMEM
003ded49   _WriteMANCaltoNVMEM
003ded52   _ReadMANCalfromNVMEM
003ded5b   _GetPercentageLeft
003ded9f   _GetLearningTimeLeft
003dedb9   _GetIntervalTimeLeft
003dedd2   _PowerOutCalRecovery
003dee21   _SetupLearningModeAlarmLevels
003dee40   _InitCal
003def4a   _MANCalibrationStages
003def6d   _AccumulateRoughCal
003deff4   _RealRoughCal
003df077   _RoughCal
003df0af   _CalProgression
003df211   _FirstStageCalCurve
003df2b6   _SecondStageCalCurve
003df37b   _Stage3CalCurve
003df4c0   _Interpolate
003df4f0   _FineCalModeInit
003df54e   _CheckRoughCalPoints
003df68d   _FineCurveCal
003df7ce   _MANCalAlarm
003df7e3   _ClearCalAveragingAlarm
003df7f1   _ClearCalibrationAlarms
003df813   _FineCurveCalInterpolation
003dfa52   _TestSD
003dfa88   _crc16
003dfab7   _spitxbyte
003dfabb   _spitxword
003dfac7   _spitxlong
003dfae0   _spigetbit
003dfb15   _spigetbit32
003dfb71   _spi_drv_change
003dfe1e   _mmc_readsector
003dfe26   _mmc_readmultiplesector
003dfe2e   _mmc_writesector
003dfe36   _mmc_writemultiplesector
003e0122   _mmc_initfunc
003e014d   _PCModifyParameter
003e01d4   _DamageMonENBChange
003e0271   _Safe1Update
003e0276   _SLEMUpdate
003e0279   _CPPUpdate
003e027c   _SensorUpdate
003e027f   _DamageMonStructUpdate
003e0282   _ConfigurationUpdate
003e028d   _SpeedCompStructUpdate
003e0294   _WioUpdate
003e02a3   _SPU2ValUpdate
003e02bb   _SetupAlarmLevels
003e02c6   _SensorNumChanged
003e02d4   _UpdateAllSensor
003e02d9   _DummyFunc
003e02da   _SetupCLI
003e02ea   _CLIBanner
003e0315   _HelpFunc
003e033e   _CommsCheckFunc
003e03ce   _FactorySetFunc
003e03eb   _InitSafeFunc
003e0492   _InputResultsFunc
003e04e2   _EnableOffsetFunc
003e050e   _EnableCompensationFunc
003e053a   _EnableNoisRemovalFunc
003e0565   _EnableSensorDeviationFunc
003e0591   _EnableCheckRoughCalFunc
003e05c4   _DebugSerialFunc
003e05e0   _SelectChannelFunc
003e060e   _SetCHValFunc
003e0640   _MasterSlaveFunc
003e065d   _SensorScalingFactorFunc
003e0692   _RPMFunc
003e06b4   _DisplayCalValuesFunc
003e072b   _OffsetFunc
003e0760   _ThresholdFunc
003e0795   _Cal18mAFunc
003e07c7   _CalLoop18mAFunc
003e0809   _FilterValFunc
003e0843   _TimeSetFunc
003e0873   _DateSetFunc
003e08a7   _FramReTestFunc
003e08e3   _AT25DF041CheckFunc
003e0967   _HandleCharExt
003e09d3   _ParseCmd
003e0a0e   _HandleCmd
003e0a37   _PcCLI
003e0abb   _AsciitoSingleChar
003e0ac1   _AsciitoInt
003e0b2c   _ConvertTime
003e0b43   _ConvertDate
003e0b64   _AsciitoBCD
003e0b77   _BCDTimetoAsciiOutonCLI
003e0b9b   _HandleChar
003e0bbb   _CalcCRC
003e0bd4   _TerminateCmd
003e0bde   _ModbusParseCmd
003e0c69   _CompareCRC
003e0c7d   _ParseHeader
003e0cc2   _Serial
003e0cf6   _PCModBus
003e0d12   _ReadPCCommsFlag
003e0d16   _SendResponse
003e0dc1   _Registers
003e18f5   _ProcessRegister
003e193f   _ProcessEngineRunT
003e1977   _ProcessFileTransferral
003e1a77   _f_getrand
003e1ab4   _f_getdate
003e1ad9   _f_gettime
003e1afa   _f_mutex_create
003e1afe   _f_mutex_delete
003e1b02   _f_mutex_get
003e1b0b   _f_mutex_put
003e1b0f   _fn_gettaskID
003e1b11   _ReprogramStartupInit
003e1b28   _ReprogramTimeoutCheck
003e1b3b   _ProcessReprogrammingTransferral
003e1bd1   _TxNowtoSlave
003e1c17   _LongUpperReg
003e1c2c   _LongLowerReg
003e1c41   _TxRegtoSlave
003e1c79   _RxStatusfromSlave
003e1cac   _ReprogrammingCalls
003e1cb5   _ProgramCheckFunc
003e1d02   _ProgramSPIFlashBlock
003e1e68   _EraseSPIFlash
003e1ea6   _CheckEraseProgress
003e1f19   _WriteEnable
003e1f28   _CheckSPIBusy
003e1f3e   _CheckEraseProgError
003e1f55   _ProcessorReProgramInit
003e1fbc   _Reprogramming
003e2045   _MasterSlaveCodeCopy
003e2062   _CopyProgramtoRam
003e20ae   _RunCodefromRam
003e20b2   _Init485Drivers
003e20ef   _SerialPortASetup
003e214e   _SerialPortBSetup
003e21b9   _PerformSciTxIntA
003e21db   _PerformSciRxIntA
003e2213   _PerformSciTxIntB
003e2235   _PerformSciRxIntB
003e2269   _PerformSciRxIntD
003e228a   _SendChar
003e22d2   _SendCharB
003e2321   _SendCLIChar
003e2328   _CLITransmitBuffer
003e233b   _DebugStringOut
003e2343   _MastertoSlaveSendBuffer
003e2385   _LoadSendBufferB
003e23cb   _ReadCLIChar
003e23dc   _ReadCharfromUartA
003e23ff   _ReadCharfromUartB
003e2420   _ReadCharfromUartD
003e2447   _SerialPortCSetup
003e2464   _SerialPortDSetup
003e2486   _SendCharC
003e248d   _SendCharD
003e2494   _LoadSendBufferC
003e24da   _PerformSciRxIntC
003e24f0   _clearCommsErrors
003e2511   _SDCardLogUpdate
003e2560   _SDCardUpdate
003e25b1   _PowerUpReadSD
003e25bc   _GetFirstFileNameString
003e25ec   _GetNextFileNameString
003e260f   _GetFileNumWords
003e2656   _ReadWriteTransferBuffer
003e26fc   _FindFirstLogFile
003e2721   _SDCardInitfromModbus
003e273d   _SDCardInitialise
003e27d8   _SDShortTermSetup
003e2854   _CreateShortTermFilesandHeaders
003e2868   _CreateLongTermFilesandHeaders
003e287c   _SDLongTermSetup
003e28be   _SDLogUpdate
003e2a01   _SDLogHeader
003e2a2a   _SDShortTermLogUpdate
003e2a3a   _SDLongTermLogUpdate
003e2a4a   _SDShortTermOldFileDeletion
003e2a62   _SDDailyFileDeletion
003e2a80   _SDAlarmFileRename
003e2aa2   _SDShortLogFileDeletion
003e2b01   _SDOldLogFileDeletion
003e2b82   _FileToClusterSize
003e2ba8   _SDLogBinaryData
003e2c12   _CharStringtoIntString
003e2c29   _SetAllEventMsgs
003e2c45   _SDEventMessageUpdate
003e2c64   _SDEventMessagetoFile
003e2cd0   _SDReadEventMessage
003e2d30   _CreateNewEventMsgFile
003e2d3c   _SDReadEvent
003e2db1   _SDCalcEventLogID
003e2e5c   _CreateNewEventFile
003e2e68   _SDEventLogDelete
003e2e81   _SensorStatustoSDCardFile
003e2ee0   _ReadSensorStatusfromSDCardFile
003e2f49   _GeneralSettingstoSDCardFile
003e3118   _ReadGeneralSettingsfromSDCardFile
003e32af   _OffsetstoSDCardFile
003e3316   _ReadOffsetsfromSDCardFile
003e3388   _ClearManCompSequence
003e338e   _MANCompTabletoSDCardFile
003e340c   _ReadMANCompTablefromSDCardFile
003e347f   _CreateNewShortTermFile
003e3561   _CreateNewLongTermFile
003e35a9   _CreateNewSettingsFile
003e35b5   _CreateNewOffsetsFile
003e35c1   _CreateNewStatusFile
003e35cd   _CreateNewMANFile
003e35ff   _SDCardSetupDirectory
003e3642   _CreateFile
003e3665   _SdcardAmotFile
003e36c6   _SDcardError
003e36ed   _ProcessSDCard
003e36f4   _SDCardEraseAllFiles
003e3705   _BuildFileName
003e3727   _YearstoSecs
003e375e   _DaysThisYear
003e37cb   _BuildTimeStamp
003e380c   _SaveSDSettings
003e3814   _CalibrationtdtoSDCardFile
003e3870   _ReadCalibrationtdfromSDCardFile
003e38d7   _CreateNewCalibtdFile
003e38e3   _RunTimeMinUpdate
003e38f0   _UnusedIsr
003e38f5   _Int1Xint1Isr
003e3902   _SPIUart_XMNI
003e3920   _Int1Xint2Isr
003e394c   _Int1Isr
003e3967   _Int13Isr
003e397f   _Int14Isr
003e3995   _Int9SciRxIntA
003e39b1   _Int9SciTxIntA
003e39cd   _Int9SciRxIntB
003e39e9   _Int9SciTxIntB
003e3a05   _SetupInterruptsandTimers
003e3a59   _SetupPIEVectors
003e3a6f   _TimingSetup
003e3aa3   _FlashSetup
003e3aad   _InternalRamSetup
003e3abe   _AllSensorInit
003e3acd   _SetupDefaultSettings
003e3bf6   _SetupSensorStatusDefaults
003e3c19   _SetupOffsetDefaults
003e3c48   _Slave485Init
003e3c6c   _Slave485Modbus
003e3cf0   _ParseSlaveCmd
003e3d77   _SendSlaveResponse
003e3deb   _SlaveRegisters
003e3ebf   _MasterModeReceive
003e3fdc   _SendScalingCommand
003e4027   _ReadChannelResults
003e405f   _ProcessSlaveChanResponse
003e4123   _StoreSPU2Status
003e413b   _InitSPI
003e4194   _SaveSafeGeneric
003e41cb   _SaveFirmwareStruct
003e41d3   _SaveSafeStruct1
003e41da   _SaveXtswplusAnaCal
003e41e2   _SaveSafeStruct2
003e41e9   _ReadAllFromEEPROM
003e420b   _ReadEEPROMStruct
003e423f   _ReadClockControl
003e424c   _ReadClockData
003e4281   _WriteClockData
003e42d0   _WriteYrMnthData
003e430a   _WriteDateHrsData
003e4349   _WriteMinsSecsData
003e4383   _CheckFlash
003e43e5   _WriteEnableEEprom1
003e43ed   _WriteStatusRegEEprom1
003e43fb   _WritetoMemoryEEprom1
003e440e   _ReadEEprom1StatusReg
003e441c   _WriteNVMemory
003e443d   _ReadNVMemory
003e445b   _Fram1ChipCheck
003e4486   _Fram1MagicNumberRead
003e449e   _Fram1MagicNumberWrite
003e44bf   _ReadfromMemoryFRAM
003e44df   _ReadMemoryEEprom1
003e44f0   _WriteEnableFram1
003e44f8   _WriteEnableFram2
003e4500   _WritetoMemoryFRAM
003e451d   _SelectFram1
003e4529   _SelectFram2
003e4535   _SelectEEprom1
003e4547   _SelectFlash1
003e4550   _SelectFlash2
003e4559   _SelectFlash3
003e4562   _SelectFlash4
003e456b   _SelectRTC
003e4581   _DeselectSPI
003e45af   _TransmitByte
003e45e1   _ReceiveByte
003e460f   _SelectUart_C
003e4617   _DeselectUart_C
003e4629   _WriteUartConfig_C
003e4634   _WaitforUartTxComplete_C
003e4646   _WriteBytetoUart_C
003e466b   _ReadDataFromUart_C
003e467c   _ReceiveByteUART
003e46a9   _SelectUart_D
003e46b1   _DeselectUart_D
003e46bf   _WriteUartConfig_D
003e46ca   _WaitforUartTxComplete_D
003e46dc   _WriteBytetoUart_D
003e4701   _ReadDataFromUart_D
003e4710   _LoopCheck
003e4766   _ResetCommsCheck
003e4780   _ResetLoopCheck
003e478f   _SDBusyCalls
003e4799   _FunctionEnabledSetup
003e47b3   _SPUUnitReset
003e47cb   _ClockProcessing
003e486b   _ReloadTimeFromFram
003e48c4   _SaveTimetoFram
003e48f8   _FRAMInit
003e491a   _LoadFRAMfromSD
003e496e   _WriteConfigStructtoNVMEM
003e497b   _ReadConfigStructfromNVMEM
003e4986   _ConfigCheckVal
003e49a4   _FloattoIntRound
003e49c5   _CalcUIntChecksum
003e49ce   _BCDTimetoAscii
003e49ec   _StringInttoByteArray
003e4a35   _StringBytetoIntArray
003e4a84   _BytetoIntArray
003e4aaf   _InttoByteArray
003e4ad8   _CalLEDSetup
003e4ae9   _MasterModeSwitch
003e4b34   _NOPDelay
003e4b3e   _MonthtoStr
003e4ba9   _InputNumtoString
003e4bcd   _DateTimetoInt
003e4c0d   _YearMonthUpdate
003e4c1c   _DateHoursUpdate
003e4c2b   _MinsSecsUpdate
003e4c3a   _RPMCalc
003e4c61   _DebugAnaUpdate
003e4c8c   _UpdateNonVolSafeCheck
003e4ce2   _CheckBitSet
003e4ce6   _BitSet
003e4ceb   _BitClear
003e4cf2   _BCDtoInt
003e4cfa   _CalibrationtdUpdate
003e4d70   _WriteCalibrationtdStructtoNVMEM
003e4d81   _ReadCalibrationtdStructfromNVMEM
003e4da0   _LoadFRAMpowerup
003e4dc8   _ReadAlarmListfromNVMEM
003e4def   _WriteAlarmListtoNVMEM
003e4dff   _ClearBitEventList
003e4e1c   _SetSlaveVersion
003e4e20   _GetSlaveVersion
003e4e2b   _FirmwareComparison
003e4e50   _DummyFunction
003e4e57   _WIOInit
003e4e7c   _WioSettingsStructPtr
003e4e7f   _WioStructPtr
003e4e82   _WIOAnalog
003e4e92   _WIOAnalogInput
003e4ecf   _CheckWIORange
003e4f96   _WIOCommsOORClearDown
003e4fb9   _WIOTemperatureWord
003e4ff3   _WIOActivityWord
003e5047   _WIOPPMWord
003e507c   _WIOEnabled
003e5080   _SetWIOAlarmMask
003e508a   _WIOChecks
003e5093   _WIOUpperAlarm
003e50ed   _WIOAlarm
003e514b   _WIOCommsLost
003e51b2   _WriteWIOSettingstoNVMEM
003e51bf   _ReadWIOSettingsfromNVMEM
003e51c8   _WIO485Init
003e51de   _WaterinOil
003e51f8   _ReadWaterinOilintoBuf
003e521c   _WIOReceive
003e5289   _WaterInOilResponse
003e52f5   _CalcSingleByteChecksum
003e5301   _exit
003e5327   C$$EXIT
003e5329   _atexit
003e534a   _abort
003e534b   _exp
003e53e9   FS$$SUB
003e53ee   FS$$ADD
003e5461   FS$$CMP
003e5478   FS$$DIV
003e54fb   FS$$MPY
003e5555   FS$$NEG
003e555a   FS$$TOI
003e557f   FS$$TOU
003e559c   FS$$TOUL
003e55bd   I$$DIV
003e55ce   I$$MOD
003e55df   I$$TOFS
003e55f9   L$$DIV
003e5608   L$$MOD
003e5616   UL$$DIV
003e561d   UL$$MOD
003e5623   L$$TOFS
003e563d   _ldexp
003e566d   _memcpy
003e5670   ___memcpy
003e567a   ___memcpy_nf
003e5684   ___memcpy_fn
003e568e   ___memcpy_ff
003e56ae   _memset
003e56bd   _sprintf
003e56f0   _sqrt
003e5741   _sscanf
003e579f   _strcat
003e57b4   _strcmp
003e57c4   _strcpy
003e57d3   _strcspn
003e57ea   _strlen
003e57f7   _strncmp
003e5812   _strncpy
003e583a   U$$DIV
003e583f   U$$MOD
003e5845   U$$TOFS
003e5855   UL$$TOFS
003e5868   __nop
003e5869   __register_lock
003e586d   __register_unlock
003e5871   __printfi
003e5ffc   __scanfi
003e659f   __args_main
003e65b3   _atoi
003e65fd   _ecvt
003e66e9   _fcvt
003e67d4   FD$$CMP
003e67fe   FD$$DIV
003e6889   FD$$MPY
003e690c   FD$$NEG
003e6915   FD$$SUB
003e6923   FD$$TOI
003e6944   FD$$TOL
003e6963   FS$$TOFD
003e697f   L$$TOFD
003e699b   LL$$CMP
003e69ad   ULL$$CMP
003e69b9   LL$$DIV
003e69f5   LL$$MOD
003e6a2f   ULL$$DIV
003e6a5e   ULL$$MOD
003e6ac0   LL$$MPY
003e6ad4   _ltoa
003e6b00   _memccpy
003e6b12   _minit
003e6b41   _malloc
003e6ba6   _free
003e6bf5   _realloc
003e6ca9   _calloc
003e6cc3   _chkheap
003e6cc5   _free_memory
003e6ce4   _max_free
003e6d06   _strrchr
003e6d16   _strtod
003e6eaf   _strtol
003e6f9a   _strtold
003e7156   _strtoll
003e72b3   _strtoul
003e739a   _strtoull
003e74f0   FD$$ADD
003e758c   _Commands
003e758c   ___etext__
003e758c   etext
003e82e3   _iDmPauseDeltaRpm
003e82e4   _amotheader
003e83ee   _eventheader
003e840e   _sdcardrawheader
003e849f   _sdcardcompheader
003e8542   _statusfile
003e854d   _settingsfile
003e8558   _allsensorsfile
003e8563   _offsetsfile
003e856f   _mancompfile
003e8579   _mancompfile2
003e8583   _eventmsgfile
003e858f   _eventfile
003e8599   _eventposfile
003e85a6   _calibtdfile
003e85b2   _sdcarddir
003e85e8   _sensor_failure
003e861a   _sensor_slowdown
003e864c   _sensor_alarm
003e867e   _devsensor_slowdown
003e86b0   _devsensor_alarm
003e86e2   _cylinderdev_alarm
003e8714   _full_auto_calibration
003e8746   _sensor_calibration
003e8778   _loss_of_comms_spu2
003e87aa   _look_up_average_error
003e87dc   _sdcardfail
003e880e   _wio_upperalarm
003e8840   _wio_alarm
003e8872   _cal_abort
003e88a4   _wio_comms
003e88d6   _paramchange
003e8908   _framfault1
003e893a   _framfault2
003e896c   _pccommsfault
003e899e   _firmwarechange
003e89d0   _calstage
003e8a02   _poweron
003e8a34   _sensor_prewarn
003e8a66   _offset_adjust
003e8a98   _prewarn_initiated
003e8aca   _rtc_fault
003e8afc   _event_normal
003e8b2e   _direction_cal
003e8b60   _sensor_replacement
003e8b92   _replacement_cancelled
003e8bc4   _replace_50hrcomplete
003e8bf6   _replace_500hrcomplete
003e8c28   _sensorstatus
003e8c5a   _digouttest
003e8c8c   _damsingle
003e8cbe   _damcyl
003e8cf0   _dammbsum
003e8d22   _slemOOR
003e8d54   _rtcbattery
003e8d86   _slemalarm
003e8db8   _eventlogcleared
003e8fb0   _BootloaderArray
003e98d2   _parameters
003ea030   _monthlst
003ea064   _configchecklist
003ea1ae   _vec
003ea486   _wThirtySecondInMs
003ea630   _CRCHiTbl
003ea730   _CRCLoTbl
003ea830   __ctypes_
003ea931   _versionreg
003ea932   _version
003ea966   ___cinit__
003ea966   cinit
003f7f00   _c_int00
003f8000   _man_comptable
003f9068   _f_filesystem
003f9ab2   _f_databuf
003f9cb2   __sys_memory
003f9e42   _receiveB
003f9ed8   _transmitB
ffffffff   pinit
ffffffff   ___c_args__
ffffffff   ___binit__
ffffffff   binit
ffffffff   ___pinit__

[1072 symbols]
